{
  "status": "PASS",
  "question": "Q4",
  "method": "Q4-M3 historical-price scenario robust LP",
  "runtime_seconds": 70.25881452899921,
  "seed": 2026,
  "information_boundary": "M3 uses only historical days; M2 is explicitly an oracle",
  "outputs": [
    "/workspace/scratch/d90922647ae0/math-dev-pc-a/results/Q4/experiments/round1/tables/result4-2.xlsx",
    "/workspace/scratch/d90922647ae0/math-dev-pc-a/results/Q4/experiments/round1/tables/result4-3.xlsx",
    "/workspace/scratch/d90922647ae0/math-dev-pc-a/output/result4-2.xlsx",
    "/workspace/scratch/d90922647ae0/math-dev-pc-a/output/result4-3.xlsx",
    "/workspace/scratch/d90922647ae0/math-dev-pc-a/results/Q4/experiments/round1/figures/q4_price_policy_comparison.png"
  ],
  "chosen_metrics": {
    "q4_2": {
      "annual_plan_cost_yuan": 12671146.116552118,
      "annual_contract_cost_yuan": 12671146.116552118,
      "annual_emergency_cost_yuan": 5115080.625044312,
      "annual_total_cost_yuan": 17786226.74159643,
      "annual_emergency_kwh": 1160750.1707966132,
      "worst_day_cost_yuan": 127334.15679089293,
      "terminal_soc_kwh": 6000.000000000002,
      "max_balance_violation_kwh": 1.1368683772161603e-13,
      "max_soc_violation_kwh": 1.3869794202037156e-11,
      "simultaneous_charge_discharge_count": 0,
      "future_price_leakage_count": 0
    },
    "q4_3": {
      "annual_plan_cost_yuan": 12671146.116552118,
      "annual_contract_cost_yuan": 13496212.115521263,
      "annual_emergency_cost_yuan": 5104239.800168976,
      "annual_total_cost_yuan": 18600451.915690236,
      "annual_emergency_kwh": 1195808.7428401853,
      "worst_day_cost_yuan": 135184.3289716369,
      "terminal_soc_kwh": 6000.000000000002,
      "max_balance_violation_kwh": 1.1368683772161603e-13,
      "max_soc_violation_kwh": 1.4551915228366852e-11,
      "simultaneous_charge_discharge_count": 0,
      "future_price_leakage_count": 0
    }
  }
}
