{
  "status": "PASS",
  "question": "Q3",
  "method": "Q3-M3 rolling quantile-reserve LP",
  "runtime_seconds": 104.95374191500014,
  "seed": 2026,
  "information_boundary": "Each release freezes executed slots and uses only historical reserve errors",
  "outputs": [
    "/workspace/scratch/d90922647ae0/math-dev-pc-a/results/Q3/experiments/round1/tables/result3.xlsx",
    "/workspace/scratch/d90922647ae0/math-dev-pc-a/output/result3.xlsx",
    "/workspace/scratch/d90922647ae0/math-dev-pc-a/results/Q3/experiments/round1/figures/q3_method_comparison.png"
  ],
  "chosen_metrics": {
    "pv_rmse_kw": 228.9824061087385,
    "pv_mae_kw": 130.0484535167859,
    "safe_pv_coverage": 0.8612150698602794,
    "annual_plan_cost_yuan": 12046165.170273216,
    "annual_contract_cost_yuan": 12821621.65047799,
    "annual_down_refund_yuan": 103032.69841879915,
    "annual_up_purchase_cost_yuan": 878489.1786235732,
    "annual_emergency_cost_yuan": 4806154.331037385,
    "annual_total_cost_yuan": 17627775.981515378,
    "annual_emergency_kwh": 1186291.4999523452,
    "worst_day_cost_yuan": 122807.4939820847,
    "mean_reserve_kw": 92.3536290119761,
    "terminal_soc_kwh": 6000.0,
    "max_balance_violation_kwh": 1.1368683772161603e-13,
    "max_soc_violation_kwh": 1.8189894035458565e-11,
    "simultaneous_charge_discharge_count": 0
  }
}
